Archive member included to satisfy reference by file (symbol)

c:/program files/microchip/xc8/v4.00/avr/bin/../lib/gcc/avr/5.4.0/avr5\libgcc.a(_udivmodsi4.o)
                              CMakeFiles\MCU2_SRC_default_default_XC8_compile.dir\D_\FINAL_Project\MCUs\MCU2_SRC\TIMER1_prog.c.o (__udivmodsi4)
c:/program files/microchip/xc8/v4.00/avr/bin/../lib/gcc/avr/5.4.0/avr5\libgcc.a(_copy_data.o)
                              CMakeFiles\MCU2_SRC_default_default_XC8_compile.dir\D_\FINAL_Project\MCUs\MCU2_SRC\KEYPAD_prog.c.o (__do_copy_data)
c:/program files/microchip/xc8/v4.00/avr/bin/../lib/gcc/avr/5.4.0/avr5\libgcc.a(_muluhisi3.o)
                              CMakeFiles\MCU2_SRC_default_default_XC8_compile.dir\D_\FINAL_Project\MCUs\MCU2_SRC\TIMER1_prog.c.o (__muluhisi3)
c:/program files/microchip/xc8/v4.00/avr/bin/../lib/gcc/avr/5.4.0/avr5\libgcc.a(_umulhisi3.o)
                              c:/program files/microchip/xc8/v4.00/avr/bin/../lib/gcc/avr/5.4.0/avr5\libgcc.a(_muluhisi3.o) (__umulhisi3)
c:/program files/microchip/xc8/v4.00/avr/bin/../lib/gcc/avr/5.4.0/../../../../avr/lib/avr5\libm.a(cmpsf2.o)
                              CMakeFiles\MCU2_SRC_default_default_XC8_compile.dir\D_\FINAL_Project\MCUs\MCU2_SRC\LCD_prog.c.o (__ltsf2)
c:/program files/microchip/xc8/v4.00/avr/bin/../lib/gcc/avr/5.4.0/../../../../avr/lib/avr5\libm.a(fixunssfsi.o)
                              CMakeFiles\MCU2_SRC_default_default_XC8_compile.dir\D_\FINAL_Project\MCUs\MCU2_SRC\LCD_prog.c.o (__fixunssfsi)
c:/program files/microchip/xc8/v4.00/avr/bin/../lib/gcc/avr/5.4.0/../../../../avr/lib/avr5\libm.a(fp_cmp.o)
                              c:/program files/microchip/xc8/v4.00/avr/bin/../lib/gcc/avr/5.4.0/../../../../avr/lib/avr5\libm.a(cmpsf2.o) (__fp_cmp)
c:/program files/microchip/xc8/v4.00/avr/bin/../lib/gcc/avr/5.4.0/../../../../avr/lib/avr5\libm.a(fp_split3.o)
                              c:/program files/microchip/xc8/v4.00/avr/bin/../lib/gcc/avr/5.4.0/../../../../avr/lib/avr5\libm.a(fixunssfsi.o) (__fp_splitA)
c:/program files/microchip/xc8/v4.00/avr/bin/../lib/gcc/avr/5.4.0/../../../../avr/lib/avr5\libm.a(fp_zero.o)
                              c:/program files/microchip/xc8/v4.00/avr/bin/../lib/gcc/avr/5.4.0/../../../../avr/lib/avr5\libm.a(fixunssfsi.o) (__fp_zero)
c:/program files/microchip/xc8/v4.00/avr/bin/../lib/gcc/avr/5.4.0/../../../../avr/lib/avr5\libm.a(gesf2.o)
                              CMakeFiles\MCU2_SRC_default_default_XC8_compile.dir\D_\FINAL_Project\MCUs\MCU2_SRC\LCD_prog.c.o (__gtsf2)
c:/program files/microchip/xc8/v4.00/avr/bin/../lib/gcc/avr/5.4.0/../../../../avr/lib/avr5\libm.a(mulsf3.o)
                              CMakeFiles\MCU2_SRC_default_default_XC8_compile.dir\D_\FINAL_Project\MCUs\MCU2_SRC\LCD_prog.c.o (__mulsf3)
c:/program files/microchip/xc8/v4.00/avr/bin/../lib/gcc/avr/5.4.0/../../../../avr/lib/avr5\libm.a(mulsf3x.o)
                              c:/program files/microchip/xc8/v4.00/avr/bin/../lib/gcc/avr/5.4.0/../../../../avr/lib/avr5\libm.a(mulsf3.o) (__mulsf3x)
c:/program files/microchip/xc8/v4.00/avr/bin/../lib/gcc/avr/5.4.0/../../../../avr/lib/avr5\libm.a(fp_inf.o)
                              c:/program files/microchip/xc8/v4.00/avr/bin/../lib/gcc/avr/5.4.0/../../../../avr/lib/avr5\libm.a(mulsf3x.o) (__fp_inf)
c:/program files/microchip/xc8/v4.00/avr/bin/../lib/gcc/avr/5.4.0/../../../../avr/lib/avr5\libm.a(fp_nan.o)
                              c:/program files/microchip/xc8/v4.00/avr/bin/../lib/gcc/avr/5.4.0/../../../../avr/lib/avr5\libm.a(mulsf3x.o) (__fp_nan)
c:/program files/microchip/xc8/v4.00/avr/bin/../lib/gcc/avr/5.4.0/../../../../avr/lib/avr5\libm.a(fp_pscA.o)
                              c:/program files/microchip/xc8/v4.00/avr/bin/../lib/gcc/avr/5.4.0/../../../../avr/lib/avr5\libm.a(mulsf3x.o) (__fp_pscA)
c:/program files/microchip/xc8/v4.00/avr/bin/../lib/gcc/avr/5.4.0/../../../../avr/lib/avr5\libm.a(fp_pscB.o)
                              c:/program files/microchip/xc8/v4.00/avr/bin/../lib/gcc/avr/5.4.0/../../../../avr/lib/avr5\libm.a(mulsf3x.o) (__fp_pscB)
c:/program files/microchip/xc8/v4.00/avr/bin/../lib/gcc/avr/5.4.0/../../../../avr/lib/avr5\libm.a(fp_round.o)
                              c:/program files/microchip/xc8/v4.00/avr/bin/../lib/gcc/avr/5.4.0/../../../../avr/lib/avr5\libm.a(mulsf3.o) (__fp_round)
c:/program files/microchip/xc8/v4.00/avr/bin/../lib/gcc/avr/5.4.0/../../../../avr/lib/avr5\libc.a(exit.o)
                              C:/Users/Ezz/.mchp_packs/Microchip/ATmega_DFP/3.6.299/xc8/avr/lib/avr5/crtatmega32a.o (exit)
c:/program files/microchip/xc8/v4.00/avr/bin/../lib/gcc/avr/5.4.0/../../../../avr/lib/avr5\libc.a(__sio_sprintf_doux.o)
                              CMakeFiles\MCU2_SRC_default_default_XC8_compile.dir\D_\FINAL_Project\MCUs\MCU2_SRC\LCD_prog.c.o (_sprintf_cdopuxX)
c:/program files/microchip/xc8/v4.00/avr/bin/../lib/gcc/avr/5.4.0/../../../../avr/lib/avr5\libc.a(__fmt_d.o)
[...]
Memory Configuration

Name             Origin             Length             Attributes
text             0x0000000000000000 0x0000000000008000 xr
data             0x0000000000800060 0x0000000000000800 rw !x
eeprom           0x0000000000810000 0x0000000000000400 rw !x
fuse             0x0000000000820000 0x0000000000000002 rw !x
lock             0x0000000000830000 0x0000000000000400 rw !x
signature        0x0000000000840000 0x0000000000000400 rw !x
user_signatures  0x0000000000850000 0x0000000000000400 rw !x
bootrow          0x0000000000860000 0x0000000000000400 rw !x
*default*        0x0000000000000000 0xffffffffffffffff

Linker script and memory map

LOAD C:/Users/Ezz/.mchp_packs/Microchip/ATmega_DFP/3.6.299/xc8/avr/lib/avr5/crtatmega32a.o
                0x0000000000000001                __MPLAB_BUILD = 0x1
LOAD CMakeFiles\MCU2_SRC_default_default_XC8_compile.dir\D_\FINAL_Project\MCUs\MCU2_SRC\ADC_prog.c.o
LOAD CMakeFiles\MCU2_SRC_default_default_XC8_compile.dir\D_\FINAL_Project\MCUs\MCU2_SRC\DIO_prog.c.o
LOAD CMakeFiles\MCU2_SRC_default_default_XC8_compile.dir\D_\FINAL_Project\MCUs\MCU2_SRC\INTERRUPT_prog.c.o
LOAD CMakeFiles\MCU2_SRC_default_default_XC8_compile.dir\D_\FINAL_Project\MCUs\MCU2_SRC\KEYPAD_prog.c.o
LOAD CMakeFiles\MCU2_SRC_default_default_XC8_compile.dir\D_\FINAL_Project\MCUs\MCU2_SRC\LCD_prog.c.o
LOAD CMakeFiles\MCU2_SRC_default_default_XC8_compile.dir\D_\FINAL_Project\MCUs\MCU2_SRC\SPI_prog.c.o
LOAD CMakeFiles\MCU2_SRC_default_default_XC8_compile.dir\D_\FINAL_Project\MCUs\MCU2_SRC\STEPMOTOR_prog.c.o
LOAD CMakeFiles\MCU2_SRC_default_default_XC8_compile.dir\D_\FINAL_Project\MCUs\MCU2_SRC\SevenSeg_prog.c.o
LOAD CMakeFiles\MCU2_SRC_default_default_XC8_compile.dir\D_\FINAL_Project\MCUs\MCU2_SRC\TIMER0_prog.c.o
LOAD CMakeFiles\MCU2_SRC_default_default_XC8_compile.dir\D_\FINAL_Project\MCUs\MCU2_SRC\TIMER1_prog.c.o
LOAD CMakeFiles\MCU2_SRC_default_default_XC8_compile.dir\D_\FINAL_Project\MCUs\MCU2_SRC\UART_prog.c.o
LOAD CMakeFiles\MCU2_SRC_default_default_XC8_compile.dir\D_\FINAL_Project\MCUs\MCU2_SRC\main.c.o
START GROUP
LOAD c:/program files/microchip/xc8/v4.00/avr/bin/../lib/gcc/avr/5.4.0/avr5\libgcc.a
LOAD c:/program files/microchip/xc8/v4.00/avr/bin/../lib/gcc/avr/5.4.0/../../../../avr/lib/avr5\libm.a
LOAD c:/program files/microchip/xc8/v4.00/avr/bin/../lib/gcc/avr/5.4.0/../../../../avr/lib/avr5\libc.a
LOAD C:/Users/Ezz/.mchp_packs/Microchip/ATmega_DFP/3.6.299/xc8/avr/lib/avr5\libatmega32a.a
END GROUP
                [0x0000000000000000]                __TEXT_REGION_ORIGIN__ = DEFINED (__TEXT_REGION_ORIGIN__)?__TEXT_REGION_ORIGIN__:0x0
                [0x0000000000800060]                __DATA_REGION_ORIGIN__ = DEFINED (__DATA_REGION_ORIGIN__)?__DATA_REGION_ORIGIN__:0x800060
                [0x0000000000008000]                __TEXT_REGION_LENGTH__ = DEFINED (__TEXT_REGION_LENGTH__)?__TEXT_REGION_LENGTH__:0x20000
                [0x0000000000000800]                __DATA_REGION_LENGTH__ = DEFINED (__DATA_REGION_LENGTH__)?__DATA_REGION_LENGTH__:0xffa0
                [0x0000000000000400]                __EEPROM_REGION_LENGTH__ = DEFINED (__EEPROM_REGION_LENGTH__)?__EEPROM_REGION_LENGTH__:0x10000
                [0x0000000000000002]                __FUSE_REGION_LENGTH__ = DEFINED (__FUSE_REGION_LENGTH__)?__FUSE_REGION_LENGTH__:0x400
                0x0000000000000400                __LOCK_REGION_LENGTH__ = DEFINED (__LOCK_REGION_LENGTH__)?__LOCK_REGION_LENGTH__:0x400
                0x0000000000000400                __SIGNATURE_REGION_LENGTH__ = DEFINED (__SIGNATURE_REGION_LENGTH__)?__SIGNATURE_REGION_LENGTH__:0x400
                0x0000000000000400                __USER_SIGNATURE_REGION_LENGTH__ = DEFINED (__USER_SIGNATURE_REGION_LENGTH__)?__USER_SIGNATURE_REGION_LENGTH__:0x400
                0x0000000000000400                __BOOTROW_REGION_LENGTH__ = DEFINED (__BOOTROW_REGION_LENGTH__)?__BOOTROW_REGION_LENGTH__:0x400

.hash
 *(.hash)

.dynsym
 *(.dynsym)

.dynstr
 *(.dynstr)

.gnu.version
 *(.gnu.version)

.gnu.version_d
 *(.gnu.version_d)

.gnu.version_r
 *(.gnu.version_r)

.rel.init
 *(.rel.init)

.rela.init
 *(.rela.init)

.rel.text
 *(.rel.text)
 *(.rel.text.*)
 *(.rel.gnu.linkonce.t*)

.rela.text
 *(.rela.text)
 *(.rela.text.*)
 *(.rela.gnu.linkonce.t*)

.rel.fini
 *(.rel.fini)

.rela.fini
 *(.rela.fini)

.rel.rodata
 *(.rel.rodata)
 *(.rel.rodata.*)
 *(.rel.gnu.linkonce.r*)

.rela.rodata
 *(.rela.rodata)
 *(.rela.rodata.*)
 *(.rela.gnu.linkonce.r*)

.rel.data
 *(.rel.data)
 *(.rel.data.*)
 *(.rel.gnu.linkonce.d*)

.rela.data
 *(.rela.data)
 *(.rela.data.*)
 *(.rela.gnu.linkonce.d*)

.rel.ctors
 *(.rel.ctors)

.rela.ctors
 *(.rela.ctors)

.rel.dtors
 *(.rel.dtors)

.rela.dtors
 *(.rela.dtors)

.rel.got
 *(.rel.got)

.rela.got
 *(.rela.got)

.rel.bss
 *(.rel.bss)

.rela.bss
 *(.rela.bss)

.rel.plt
 *(.rel.plt)

.rela.plt
 *(.rela.plt)

.text           0x0000000000000000       0xa8
 *(.vectors)
 .vectors       0x0000000000000000       0x54 C:/Users/Ezz/.mchp_packs/Microchip/ATmega_DFP/3.6.299/xc8/avr/lib/avr5/crtatmega32a.o
                0x0000000000000000                __vector_default
                0x0000000000000000                __vectors
 *(.vectors)
 *(.progmem.gcc*)
 *(.dinit)
 .dinit         0x0000000000000054        0x0 data_init
                0x0000000000000054                . = ALIGN (0x2)
                0x0000000000000054                __trampolines_start = .
 *(.trampolines)
 .trampolines   0x0000000000000054        0x0 linker stubs
 *(.trampolines*)
                0x0000000000000054                __trampolines_end = .
 *libprintf_flt.a:*(.progmem.data)
 *libc.a:*(.progmem.data)
                0x0000000000000054                . = ALIGN (0x2)
 *(.jumptables)
 *(.jumptables*)
 *(.lowtext)
 *(.lowtext*)
                0x0000000000000054                __ctors_start = .
 *(.ctors)
                0x0000000000000054                __ctors_end = .
                0x0000000000000054                __dtors_start = .
 *(.dtors)
                0x0000000000000054                __dtors_end = .
 SORT(*)(.ctors)
 SORT(*)(.dtors)
 *(.init0)
 .init0         0x0000000000000054        0x0 C:/Users/Ezz/.mchp_packs/Microchip/ATmega_DFP/3.6.299/xc8/avr/lib/avr5/crtatmega32a.o
                0x0000000000000054                __init
 *(.init0)
 *(.init1)
 *(.init1)
 *(.init2)
 .init2         0x0000000000000054        0xc C:/Users/Ezz/.mchp_packs/Microchip/ATmega_DFP/3.6.299/xc8/avr/lib/avr5/crtatmega32a.o
 *(.init2)
 *(.init3)
 *(.init3)
 *(.init4)
 .init4         0x0000000000000060       0x3c c:/program files/microchip/xc8/v4.00/avr/bin/../lib/gcc/avr/5.4.0/avr5\libgcc.a(_copy_data.o)
                0x0000000000000060                __do_copy_data
                0x000000000000008e                __do_clear_bss
 *(.init4)
 *(.init5)
 *(.init5)
 *(.init6)
 *(.init6)
 *(.init7)
 *(.init7)
 *(.init8)
 *(.init8)
 *(.init9)
 .init9         0x000000000000009c        0x8 C:/Users/Ezz/.mchp_packs/Microchip/ATmega_DFP/3.6.299/xc8/avr/lib/avr5/crtatmega32a.o
 *(.init9)
                0x00000000000000a4                . = ALIGN (0x2)
 *(.fini9)
 .fini9         0x00000000000000a4        0x0 c:/program files/microchip/xc8/v4.00/avr/bin/../lib/gcc/avr/5.4.0/avr5\libgcc.a(_exit.o)
                0x00000000000000a4                _exit
 *(.fini9)
 *(.fini8)
 *(.fini8)
 *(.fini7)
 *(.fini7)
 *(.fini6)
 *(.fini6)
 *(.fini5)
 *(.fini5)
 *(.fini4)
 *(.fini4)
 *(.fini3)
 *(.fini3)
 *(.fini2)
 *(.fini2)
 *(.fini1)
 *(.fini1)
 *(.fini0)
 .fini0         0x00000000000000a4        0x4 c:/program files/microchip/xc8/v4.00/avr/bin/../lib/gcc/avr/5.4.0/avr5\libgcc.a(_exit.o)
 *(.fini0)
                0x00000000000000a8                _etext = .

.data           0x0000000000800060        0x0 load address 0x00000000000000a8
                [!provide]                        PROVIDE (__data_start, .)
 *(.gnu.linkonce.d*)
 *(.gnu.linkonce.r*)
                0x0000000000800060                . = ALIGN (0x2)
                0x0000000000800060                _edata = .
                [!provide]                        PROVIDE (__data_end, .)

.bss            0x0000000000800060        0x0
                [!provide]                        PROVIDE (__bss_start, .)
 *(COMMON)
                [!provide]                        PROVIDE (__bss_end, .)
                0x00000000000000a8                __data_load_start = LOADADDR (.data)
                0x00000000000000a8                __data_load_end = (__data_load_start + SIZEOF (.data))

.noinit         0x0000000000800060        0x0
                [!provide]                        PROVIDE (__noinit_start, .)
 *(.noinit*)
                [!provide]                        PROVIDE (__noinit_end, .)
                0x0000000000800060                _end = .

.eeprom         0x0000000000810000        0x0
 *(.eeprom*)
                0x0000000000810000                __eeprom_end = .

.fuse
 *(.fuse)
 *(.lfuse)
 *(.hfuse)
 *(.efuse)

.lock
 *(.lock*)

.signature
 *(.signature*)

.user_signatures
 *(.user_signatures*)

.bootrow
 *(.bootrow*)

.stab
 *(.stab)

.stabstr
 *(.stabstr)

.stab.excl
 *(.stab.excl)

.stab.exclstr
 *(.stab.exclstr)

.stab.index
 *(.stab.index)

.stab.indexstr
 *(.stab.indexstr)

.comment        0x0000000000000000       0x2f
 *(.comment)
 .comment       0x0000000000000000       0x2f CMakeFiles\MCU2_SRC_default_default_XC8_compile.dir\D_\FINAL_Project\MCUs\MCU2_SRC\DIO_prog.c.o
                                         0x30 (size before relaxing)
 .comment       0x000000000000002f       0x30 CMakeFiles\MCU2_SRC_default_default_XC8_compile.dir\D_\FINAL_Project\MCUs\MCU2_SRC\TIMER1_prog.c.o
 .comment       0x000000000000002f       0x30 CMakeFiles\MCU2_SRC_default_default_XC8_compile.dir\D_\FINAL_Project\MCUs\MCU2_SRC\UART_prog.c.o
 .comment       0x000000000000002f       0x30 CMakeFiles\MCU2_SRC_default_default_XC8_compile.dir\D_\FINAL_Project\MCUs\MCU2_SRC\main.c.o
 .comment       0x000000000000002f       0x30 c:/program files/microchip/xc8/v4.00/avr/bin/../lib/gcc/avr/5.4.0/../../../../avr/lib/avr5\libc.a(exit.o)
 .comment       0x000000000000002f       0x30 c:/program files/microchip/xc8/v4.00/avr/bin/../lib/gcc/avr/5.4.0/../../../../avr/lib/avr5\libc.a(_Exit.o)

.stack.descriptors.hdr
                0x0000000000000000       0x54
 .stack.descriptors.hdr
                0x0000000000000000        0xe c:/program files/microchip/xc8/v4.00/avr/bin/../lib/gcc/avr/5.4.0/avr5\libgcc.a(_udivmodsi4.o)
 .stack.descriptors.hdr
                0x000000000000000e        0xe c:/program files/microchip/xc8/v4.00/avr/bin/../lib/gcc/avr/5.4.0/avr5\libgcc.a(_muluhisi3.o)
 .stack.descriptors.hdr
                0x000000000000001c        0xe c:/program files/microchip/xc8/v4.00/avr/bin/../lib/gcc/avr/5.4.0/avr5\libgcc.a(_umulhisi3.o)
 .stack.descriptors.hdr
                0x000000000000002a        0xe c:/program files/microchip/xc8/v4.00/avr/bin/../lib/gcc/avr/5.4.0/../../../../avr/lib/avr5\libc.a(exit.o)
 .stack.descriptors.hdr
                0x0000000000000038        0xe c:/program files/microchip/xc8/v4.00/avr/bin/../lib/gcc/avr/5.4.0/../../../../avr/lib/avr5\libc.a(_Exit.o)
 .stack.descriptors.hdr
                0x0000000000000046        0xe c:/program files/microchip/xc8/v4.00/avr/bin/../lib/gcc/avr/5.4.0/avr5\libgcc.a(_exit.o)

.note.GNU-stack
                0x0000000000000000        0x0
 .note.GNU-stack
                0x0000000000000000        0x0 c:/program files/microchip/xc8/v4.00/avr/bin/../lib/gcc/avr/5.4.0/../../../../avr/lib/avr5\libc.a(exit.o)
 .note.GNU-stack
                0x0000000000000000        0x0 c:/program files/microchip/xc8/v4.00/avr/bin/../lib/gcc/avr/5.4.0/../../../../avr/lib/avr5\libc.a(_Exit.o)

.note.gnu.build-id
 *(.note.gnu.build-id)

.debug
 *(.debug)

.line
 *(.line)

.debug_srcinfo
 *(.debug_srcinfo)

.debug_sfnames
 *(.debug_sfnames)

.debug_aranges  0x0000000000000000       0xd8
 *(.debug_aranges)
 .debug_aranges
                0x0000000000000000       0x50 CMakeFiles\MCU2_SRC_default_default_XC8_compile.dir\D_\FINAL_Project\MCUs\MCU2_SRC\DIO_prog.c.o
 .debug_aranges
                0x0000000000000050       0x38 CMakeFiles\MCU2_SRC_default_default_XC8_compile.dir\D_\FINAL_Project\MCUs\MCU2_SRC\TIMER1_prog.c.o
 .debug_aranges
                0x0000000000000088       0x30 CMakeFiles\MCU2_SRC_default_default_XC8_compile.dir\D_\FINAL_Project\MCUs\MCU2_SRC\UART_prog.c.o
 .debug_aranges
                0x00000000000000b8       0x20 CMakeFiles\MCU2_SRC_default_default_XC8_compile.dir\D_\FINAL_Project\MCUs\MCU2_SRC\main.c.o

.debug_pubnames
 *(.debug_pubnames)

.debug_info     0x0000000000000000     0x10ee
 *(.debug_info .gnu.linkonce.wi.*)
 .debug_info    0x0000000000000000      0x4e6 C:/Users/Ezz/.mchp_packs/Microchip/ATmega_DFP/3.6.299/xc8/avr/lib/avr5/crtatmega32a.o
 .debug_info    0x00000000000004e6      0x418 CMakeFiles\MCU2_SRC_default_default_XC8_compile.dir\D_\FINAL_Project\MCUs\MCU2_SRC\DIO_prog.c.o
 .debug_info    0x00000000000008fe      0x2dc CMakeFiles\MCU2_SRC_default_default_XC8_compile.dir\D_\FINAL_Project\MCUs\MCU2_SRC\TIMER1_prog.c.o
 .debug_info    0x0000000000000bda      0x2c9 CMakeFiles\MCU2_SRC_default_default_XC8_compile.dir\D_\FINAL_Project\MCUs\MCU2_SRC\UART_prog.c.o
 .debug_info    0x0000000000000ea3      0x24b CMakeFiles\MCU2_SRC_default_default_XC8_compile.dir\D_\FINAL_Project\MCUs\MCU2_SRC\main.c.o

.debug_abbrev   0x0000000000000000      0x6be
 *(.debug_abbrev)
 .debug_abbrev  0x0000000000000000      0x4a3 C:/Users/Ezz/.mchp_packs/Microchip/ATmega_DFP/3.6.299/xc8/avr/lib/avr5/crtatmega32a.o
 .debug_abbrev  0x00000000000004a3       0xc1 CMakeFiles\MCU2_SRC_default_default_XC8_compile.dir\D_\FINAL_Project\MCUs\MCU2_SRC\DIO_prog.c.o
 .debug_abbrev  0x0000000000000564       0x85 CMakeFiles\MCU2_SRC_default_default_XC8_compile.dir\D_\FINAL_Project\MCUs\MCU2_SRC\TIMER1_prog.c.o
 .debug_abbrev  0x00000000000005e9       0x7e CMakeFiles\MCU2_SRC_default_default_XC8_compile.dir\D_\FINAL_Project\MCUs\MCU2_SRC\UART_prog.c.o
 .debug_abbrev  0x0000000000000667       0x57 CMakeFiles\MCU2_SRC_default_default_XC8_compile.dir\D_\FINAL_Project\MCUs\MCU2_SRC\main.c.o

.debug_line     0x0000000000000000      0x70e
 *(.debug_line .debug_line.* .debug_line_end)
 .debug_line    0x0000000000000000      0x116 C:/Users/Ezz/.mchp_packs/Microchip/ATmega_DFP/3.6.299/xc8/avr/lib/avr5/crtatmega32a.o
 .debug_line    0x0000000000000116      0x310 CMakeFiles\MCU2_SRC_default_default_XC8_compile.dir\D_\FINAL_Project\MCUs\MCU2_SRC\DIO_prog.c.o
 .debug_line    0x0000000000000426      0x13b CMakeFiles\MCU2_SRC_default_default_XC8_compile.dir\D_\FINAL_Project\MCUs\MCU2_SRC\TIMER1_prog.c.o
 .debug_line    0x0000000000000561      0x105 CMakeFiles\MCU2_SRC_default_default_XC8_compile.dir\D_\FINAL_Project\MCUs\MCU2_SRC\UART_prog.c.o
 .debug_line    0x0000000000000666       0xa8 CMakeFiles\MCU2_SRC_default_default_XC8_compile.dir\D_\FINAL_Project\MCUs\MCU2_SRC\main.c.o

.debug_frame    0x0000000000000000      0x23c
 *(.debug_frame)
 .debug_frame   0x0000000000000000       0xf4 CMakeFiles\MCU2_SRC_default_default_XC8_compile.dir\D_\FINAL_Project\MCUs\MCU2_SRC\DIO_prog.c.o
 .debug_frame   0x00000000000000f4       0xa0 CMakeFiles\MCU2_SRC_default_default_XC8_compile.dir\D_\FINAL_Project\MCUs\MCU2_SRC\TIMER1_prog.c.o
 .debug_frame   0x0000000000000194       0x74 CMakeFiles\MCU2_SRC_default_default_XC8_compile.dir\D_\FINAL_Project\MCUs\MCU2_SRC\UART_prog.c.o
 .debug_frame   0x0000000000000208       0x34 CMakeFiles\MCU2_SRC_default_default_XC8_compile.dir\D_\FINAL_Project\MCUs\MCU2_SRC\main.c.o

.debug_str      0x0000000000000000      0x1a7
 *(.debug_str)
 .debug_str     0x0000000000000000      0x196 C:/Users/Ezz/.mchp_packs/Microchip/ATmega_DFP/3.6.299/xc8/avr/lib/avr5/crtatmega32a.o
 .debug_str     0x0000000000000196       0x11 CMakeFiles\MCU2_SRC_default_default_XC8_compile.dir\D_\FINAL_Project\MCUs\MCU2_SRC\DIO_prog.c.o
 .debug_str     0x00000000000001a7        0x0 CMakeFiles\MCU2_SRC_default_default_XC8_compile.dir\D_\FINAL_Project\MCUs\MCU2_SRC\TIMER1_prog.c.o
 .debug_str     0x00000000000001a7        0x0 CMakeFiles\MCU2_SRC_default_default_XC8_compile.dir\D_\FINAL_Project\MCUs\MCU2_SRC\UART_prog.c.o
 .debug_str     0x00000000000001a7        0x0 CMakeFiles\MCU2_SRC_default_default_XC8_compile.dir\D_\FINAL_Project\MCUs\MCU2_SRC\main.c.o

.debug_loc
 *(.debug_loc)

.debug_macinfo
 *(.debug_macinfo)

.debug_weaknames
 *(.debug_weaknames)

.debug_funcnames
 *(.debug_funcnames)

.debug_typenames
 *(.debug_typenames)

.debug_varnames
 *(.debug_varnames)

.debug_pubtypes
 *(.debug_pubtypes)

.debug_ranges   0x0000000000000000       0x98
 *(.debug_ranges)
 .debug_ranges  0x0000000000000000       0x40 CMakeFiles\MCU2_SRC_default_default_XC8_compile.dir\D_\FINAL_Project\MCUs\MCU2_SRC\DIO_prog.c.o
 .debug_ranges  0x0000000000000040       0x28 CMakeFiles\MCU2_SRC_default_default_XC8_compile.dir\D_\FINAL_Project\MCUs\MCU2_SRC\TIMER1_prog.c.o
 .debug_ranges  0x0000000000000068       0x20 CMakeFiles\MCU2_SRC_default_default_XC8_compile.dir\D_\FINAL_Project\MCUs\MCU2_SRC\UART_prog.c.o
 .debug_ranges  0x0000000000000088       0x10 CMakeFiles\MCU2_SRC_default_default_XC8_compile.dir\D_\FINAL_Project\MCUs\MCU2_SRC\main.c.o

.debug_macro
 *(.debug_macro)
OUTPUT(D:\FINAL_Project\MCUs\MCU2_SRC\out\MCU2_SRC\default.elf elf32-avr)
LOAD linker stubs
LOAD data_init

.note.gnu.avr.deviceinfo
                0x0000000000000000       0x3c
 .note.gnu.avr.deviceinfo
                0x0000000000000000       0x3c C:/Users/Ezz/.mchp_packs/Microchip/ATmega_DFP/3.6.299/xc8/avr/lib/avr5/crtatmega32a.o

.text.DIO_voidSetPinDirection
                0x00000000000000a8      0x1de
 .text.DIO_voidSetPinDirection
                0x00000000000000a8      0x1de CMakeFiles\MCU2_SRC_default_default_XC8_compile.dir\D_\FINAL_Project\MCUs\MCU2_SRC\DIO_prog.c.o
                0x00000000000000a8                DIO_voidSetPinDirection

.text.TIMER1_voidInitServo
                0x0000000000000286       0xc0
 .text.TIMER1_voidInitServo
                0x0000000000000286       0xc0 CMakeFiles\MCU2_SRC_default_default_XC8_compile.dir\D_\FINAL_Project\MCUs\MCU2_SRC\TIMER1_prog.c.o
                0x0000000000000286                TIMER1_voidInitServo

.text.UART_voidInit
                0x0000000000000346       0x7e
 .text.UART_voidInit
                0x0000000000000346       0x7e CMakeFiles\MCU2_SRC_default_default_XC8_compile.dir\D_\FINAL_Project\MCUs\MCU2_SRC\UART_prog.c.o
                0x0000000000000346                UART_voidInit

.text.TIMER1_voidSetServoAngle
                0x00000000000003c4       0x62
 .text.TIMER1_voidSetServoAngle
                0x00000000000003c4       0x62 CMakeFiles\MCU2_SRC_default_default_XC8_compile.dir\D_\FINAL_Project\MCUs\MCU2_SRC\TIMER1_prog.c.o
                0x00000000000003c4                TIMER1_voidSetServoAngle

.text.main      0x0000000000000426       0x54
 .text.main     0x0000000000000426       0x54 CMakeFiles\MCU2_SRC_default_default_XC8_compile.dir\D_\FINAL_Project\MCUs\MCU2_SRC\main.c.o
                0x0000000000000426                main

.text.libgcc.div
                0x000000000000047a       0x44
 .text.libgcc.div
                0x000000000000047a       0x44 c:/program files/microchip/xc8/v4.00/avr/bin/../lib/gcc/avr/5.4.0/avr5\libgcc.a(_udivmodsi4.o)
                0x000000000000047a                __udivmodsi4

.text.UART_u8Receive
                0x00000000000004be       0x32
 .text.UART_u8Receive
                0x00000000000004be       0x32 CMakeFiles\MCU2_SRC_default_default_XC8_compile.dir\D_\FINAL_Project\MCUs\MCU2_SRC\UART_prog.c.o
                0x00000000000004be                UART_u8Receive

.text.DIO_voidInitialization
                0x00000000000004f0       0x30
 .text.DIO_voidInitialization
                0x00000000000004f0       0x30 CMakeFiles\MCU2_SRC_default_default_XC8_compile.dir\D_\FINAL_Project\MCUs\MCU2_SRC\DIO_prog.c.o
                0x00000000000004f0                DIO_voidInitialization

.text.libgcc.mul
                0x0000000000000520       0x1e
 .text.libgcc.mul
                0x0000000000000520       0x1e c:/program files/microchip/xc8/v4.00/avr/bin/../lib/gcc/avr/5.4.0/avr5\libgcc.a(_umulhisi3.o)
                0x0000000000000520                __umulhisi3

.text.libgcc.mul
                0x000000000000053e       0x16
 .text.libgcc.mul
                0x000000000000053e       0x16 c:/program files/microchip/xc8/v4.00/avr/bin/../lib/gcc/avr/5.4.0/avr5\libgcc.a(_muluhisi3.o)
                0x000000000000053e                __muluhisi3

.text.exit      0x0000000000000554       0x16
 .text.exit     0x0000000000000554       0x16 c:/program files/microchip/xc8/v4.00/avr/bin/../lib/gcc/avr/5.4.0/../../../../avr/lib/avr5\libc.a(exit.o)
                0x0000000000000554                exit

.text           0x000000000000056a        0x4
 .text          0x000000000000056a        0x4 C:/Users/Ezz/.mchp_packs/Microchip/ATmega_DFP/3.6.299/xc8/avr/lib/avr5/crtatmega32a.o
                0x000000000000056a                __vector_1
                0x000000000000056a                __vector_12
                0x000000000000056a                __bad_interrupt
                0x000000000000056a                __vector_6
                0x000000000000056a                __vector_3
                0x000000000000056a                __vector_11
                0x000000000000056a                __vector_13
                0x000000000000056a                __vector_17
                0x000000000000056a                __vector_19
                0x000000000000056a                __vector_7
                0x000000000000056a                __vector_5
                0x000000000000056a                __vector_4
                0x000000000000056a                __vector_9
                0x000000000000056a                __vector_2
                0x000000000000056a                __vector_15
                0x000000000000056a                __vector_8
                0x000000000000056a                __vector_14
                0x000000000000056a                __vector_10
                0x000000000000056a                __vector_16
                0x000000000000056a                __vector_18
                0x000000000000056a                __vector_20

.text._Exit     0x000000000000056e        0x4
 .text._Exit    0x000000000000056e        0x4 c:/program files/microchip/xc8/v4.00/avr/bin/../lib/gcc/avr/5.4.0/../../../../avr/lib/avr5\libc.a(_Exit.o)
                0x000000000000056e                _Exit

.text.__dummy_fini
                0x0000000000000572        0x2
 .text.__dummy_fini
                0x0000000000000572        0x2 c:/program files/microchip/xc8/v4.00/avr/bin/../lib/gcc/avr/5.4.0/../../../../avr/lib/avr5\libc.a(exit.o)
                0x0000000000000572                _fini

.text.__dummy_funcs_on_exit
                0x0000000000000574        0x2
 .text.__dummy_funcs_on_exit
                0x0000000000000574        0x2 c:/program files/microchip/xc8/v4.00/avr/bin/../lib/gcc/avr/5.4.0/../../../../avr/lib/avr5\libc.a(exit.o)
                0x0000000000000574                __funcs_on_exit

.text.__dummy_simulator_exit
                0x0000000000000576        0x2
 .text.__dummy_simulator_exit
                0x0000000000000576        0x2 c:/program files/microchip/xc8/v4.00/avr/bin/../lib/gcc/avr/5.4.0/../../../../avr/lib/avr5\libc.a(exit.o)
                0x0000000000000576                __simulator_exit
